C:\Users\Reid\Documents\Xilinx\OpalKelly\RHS2000InterfaceXEM6010\main.ngc 1533322406
C:\Users\Reid\Documents\Xilinx\OpalKelly\RHS2000InterfaceXEM6010/okWireIn.ngc 1299984630
C:\Users\Reid\Documents\Xilinx\OpalKelly\RHS2000InterfaceXEM6010/okTriggerIn.ngc 1299984640
C:\Users\Reid\Documents\Xilinx\OpalKelly\RHS2000InterfaceXEM6010/okWireOut.ngc 1299984634
C:\Users\Reid\Documents\Xilinx\OpalKelly\RHS2000InterfaceXEM6010/okPipeIn.ngc 1299984652
C:\Users\Reid\Documents\Xilinx\OpalKelly\RHS2000InterfaceXEM6010/okPipeOut.ngc 1299984656
C:\Users\Reid\Documents\Xilinx\OpalKelly\RHS2000InterfaceXEM6010/okCoreHarness.ngc 1299984618
C:\Users\Reid\Documents\Xilinx\OpalKelly\RHS2000InterfaceXEM6010/TFIFO64x8a_64x8b.ngc 1291750388
C:\Users\Reid\Documents\Xilinx\OpalKelly\RHS2000InterfaceXEM6010/fifo_w16_2048_r64_512.ngc 1298080186
C:\Users\Reid\Documents\Xilinx\OpalKelly\RHS2000InterfaceXEM6010/fifo_w64_512_r16_2048.ngc 1298080186
C:\Users\Reid\Documents\Xilinx\OpalKelly\RHS2000InterfaceXEM6010/multiplier_18x18.ngc 1386266890
OK
