C:\GitHub\closed-loop-neuroscience\Mattia\Custom_architecture\Intan_custom\main.ngc 1617090069
C:\GitHub\closed-loop-neuroscience\Mattia\Custom_architecture\Intan_custom/okWireIn.ngc 1615565088
C:\GitHub\closed-loop-neuroscience\Mattia\Custom_architecture\Intan_custom/okTriggerIn.ngc 1615565088
C:\GitHub\closed-loop-neuroscience\Mattia\Custom_architecture\Intan_custom/okWireOut.ngc 1615565088
C:\GitHub\closed-loop-neuroscience\Mattia\Custom_architecture\Intan_custom/okPipeIn.ngc 1615565088
C:\GitHub\closed-loop-neuroscience\Mattia\Custom_architecture\Intan_custom/okPipeOut.ngc 1615565088
C:\GitHub\closed-loop-neuroscience\Mattia\Custom_architecture\Intan_custom/okCoreHarness.ngc 1615565088
C:\GitHub\closed-loop-neuroscience\Mattia\Custom_architecture\Intan_custom/TFIFO64x8a_64x8b.ngc 1615565087
C:\GitHub\closed-loop-neuroscience\Mattia\Custom_architecture\Intan_custom/fifo_w16_2048_r64_512.ngc 1615565087
C:\GitHub\closed-loop-neuroscience\Mattia\Custom_architecture\Intan_custom/fifo_w64_512_r16_2048.ngc 1615565087
C:\GitHub\closed-loop-neuroscience\Mattia\Custom_architecture\Intan_custom/multiplier_18x18.ngc 1615565088
OK
